2026-08-07 04:04:45,359 | INFO | Loading production pipeline...
2026-08-07 04:07:45,374 | INFO | Loading production pipeline...
2026-08-07 04:09:48,337 | INFO | Loading production pipeline...
2026-08-07 04:09:54,269 | INFO | Pipeline loaded successfully.
2026-08-07 04:09:54,342 | INFO | ============================================================
2026-08-07 04:09:54,342 | INFO | Building TF-IDF Vectorizer
2026-08-07 04:09:54,342 | INFO | ============================================================
2026-08-07 04:09:54,343 | INFO | Building SelectKBest...
2026-08-07 04:09:54,344 | INFO | Building linear_svm...
2026-08-07 04:09:54,345 | INFO | Building logistic_regression...
2026-08-07 04:09:54,345 | INFO | Building naive_bayes...
2026-08-07 04:09:54,356 | INFO | ============================================================
2026-08-07 04:09:54,357 | INFO | Cleaning Dataset
2026-08-07 04:09:54,357 | INFO | ============================================================
2026-08-07 04:09:54,369 | INFO | Cleaning completed.
2026-08-07 04:19:55,640 | INFO | Loading production pipeline...
2026-08-07 04:20:01,051 | INFO | Pipeline loaded successfully.
2026-08-07 04:20:03,634 | INFO | Loading production pipeline...
2026-08-07 04:20:09,742 | INFO | Pipeline loaded successfully.
2026-08-07 04:30:45,801 | INFO | Loading production pipeline...
2026-08-07 04:30:51,587 | INFO | Pipeline loaded successfully.
2026-08-07 04:30:55,741 | INFO | Loading production pipeline...
2026-08-07 04:31:01,898 | INFO | Pipeline loaded successfully.
2026-08-07 04:31:04,618 | INFO | Loading production pipeline...
2026-08-07 04:31:10,524 | INFO | Pipeline loaded successfully.
2026-08-07 04:34:36,360 | INFO | Loading production pipeline...
2026-08-07 04:34:42,688 | INFO | Pipeline loaded successfully.
2026-08-07 04:34:45,110 | INFO | Loading production pipeline...
2026-08-07 04:34:50,953 | INFO | Pipeline loaded successfully.
